[frenify.net/envato/frenify/wp/resumo/2/index.html]
[backblue.gif]
[fade.gif]
[index.html]
[frenify.net/envato/frenify/wp/resumo/2/wp-includes/css/dist/block-library/style.min37ad.css]
[frenify.net/envato/frenify/wp/resumo/2/wp-content/plugins/contact-form-7/includes/css/stylesd96d.css]
[frenify.net/envato/frenify/wp/resumo/2/wp-content/plugins/elementor/assets/lib/eicons/css/elementor-icons.min7816.css]
[frenify.net/envato/frenify/wp/resumo/2/wp-content/plugins/elementor/assets/css/frontend-lite.mina4f3.css]
[frenify.net/envato/frenify/wp/resumo/2/wp-content/uploads/elementor/css/post-7b300.css]
[frenify.net/envato/frenify/wp/resumo/2/wp-content/plugins/resumo-core/shortcode/assets/css/fontellof269.css]
[frenify.net/envato/frenify/wp/resumo/2/wp-content/plugins/resumo-core/shortcode/assets/css/animatef269.css]
[frenify.net/envato/frenify/wp/resumo/2/wp-content/plugins/resumo-core/shortcode/assets/css/owl-carouself269.css]
[frenify.net/envato/frenify/wp/resumo/2/comments/feed/index.html]
[frenify.net/envato/frenify/wp/resumo/2/wp-content/plugins/resumo-core/assets/css/stylef269.css]
[frenify.net/envato/frenify/wp/resumo/2/wp-content/uploads/elementor/css/globalb300.css]
[frenify.net/envato/frenify/wp/resumo/2/feed/index.html]
[frenify.net/envato/frenify/wp/resumo/2/wp-content/uploads/elementor/css/post-60851d3.css]
[frenify.net/envato/frenify/wp/resumo/2/wp-content/themes/resumo/assets/css/base57cc.css]
[frenify.net/envato/frenify/wp/resumo/2/wp-content/themes/resumo/assets/css/skeleton57cc.css]
[frenify.net/envato/frenify/wp/resumo/2/wp-content/themes/resumo/assets/css/wp-core57cc.css]
[frenify.net/envato/frenify/wp/resumo/2/wp-content/themes/resumo/assets/css/fontello57cc.css]
[frenify.net/envato/frenify/wp/resumo/2/wp-content/themes/resumo/style57cc.css]
[frenify.net/envato/frenify/wp/resumo/2/wp-content/themes/resumo/assets/css/inline5152.css]
[frenify.net/envato/frenify/wp/resumo/2/wp-includes/js/jquery/jquery.minaf6c.js]
[frenify.net/envato/frenify/wp/resumo/2/wp-includes/js/jquery/jquery-migrate.mind617.js]
[frenify.net/envato/frenify/wp/resumo/2/wp-content/themes/resumo/assets/js/typed57cc.js]
[frenify.net/envato/frenify/wp/resumo/2/wp-json/wp/v2/pages/608.json]
[frenify.net/envato/frenify/wp/resumo/2/wp-json/index.html]
[frenify.net/envato/frenify/wp/resumo/2/xmlrpc0db0.php]
[frenify.net/envato/frenify/wp/resumo/2/wp-includes/wlwmanifest.xml]
[frenify.net/envato/frenify/wp/resumo/2/wp-json/oembed/1.0/embedffc4.json]
[frenify.net/envato/frenify/wp/resumo/2/wp-json/oembed/1.0/embed4de4]
[frenify.net/envato/frenify/wp/resumo/2/wp-content/themes/resumo/assets/svg/search-new.svg]
[frenify.net/envato/frenify/wp/resumo/2/wp-content/themes/resumo/assets/img/thumb/square.jpg]
[frenify.net/envato/frenify/wp/resumo/2/wp-content/themes/resumo/assets/img/right.jpg]
[frenify.net/envato/frenify/wp/resumo/2/wp-content/uploads/2021/12/signature3.png]
[frenify.net/envato/frenify/wp/resumo/1/wp-content/uploads/2021/11/1.png]
[frenify.net/envato/frenify/wp/resumo/2/homepage/index.html]
[frenify.net/envato/frenify/wp/resumo/2/wp-content/plugins/resumo-core/shortcode/assets/svg/inbox.svg]
[frenify.net/envato/frenify/wp/resumo/2/home-video/index.html]
[frenify.net/envato/frenify/wp/resumo/2/wp-content/plugins/resumo-core/shortcode/assets/svg/arrow.svg]
[frenify.net/envato/frenify/wp/resumo/2/wp-content/plugins/resumo-core/shortcode/assets/img/thumb-square.jpg]
[frenify.net/envato/frenify/wp/resumo/2/wp-content/uploads/2021/11/1.jpg]
[frenify.net/envato/frenify/wp/resumo/2/wp-content/uploads/2021/11/2-1.jpg]
[frenify.net/envato/frenify/wp/resumo/2/protected/index.html]
[frenify.net/envato/frenify/wp/resumo/2/blog-full/index.html]
[frenify.net/envato/frenify/wp/resumo/2/wp-content/uploads/2021/11/3-1.jpg]
[frenify.net/envato/frenify/wp/resumo/2/wp-content/uploads/2021/11/4-1.jpg]
[frenify.net/envato/frenify/wp/resumo/2/wp-content/uploads/2021/11/5.jpg]
[frenify.net/envato/frenify/wp/resumo/2/blog-sidebar/index.html]
[frenify.net/envato/frenify/wp/resumo/2/wp-content/plugins/resumo-core/shortcode/assets/svg/checked.svg]
[frenify.net/envato/frenify/wp/resumo/2/wp-content/uploads/2022/07/8.png]
[frenify.net/envato/frenify/wp/resumo/2/wp-content/uploads/2022/07/7.png]
[frenify.net/envato/frenify/wp/resumo/2/project/sweet-cherry/index.html]
[frenify.net/envato/frenify/wp/resumo/2/wp-content/uploads/2022/07/6.png]
[frenify.net/envato/frenify/wp/resumo/2/wp-content/uploads/2022/07/5.png]
[frenify.net/envato/frenify/wp/resumo/2/wp-content/uploads/2022/07/4.png]
[frenify.net/envato/frenify/wp/resumo/2/wp-content/uploads/2022/07/3.png]
[frenify.net/envato/frenify/wp/resumo/2/project/delicious-fruit/index.html]
[frenify.net/envato/frenify/wp/resumo/2/wp-content/uploads/2022/07/2.png]
[frenify.net/envato/frenify/wp/resumo/2/wp-content/uploads/2022/07/1.png]
[frenify.net/envato/frenify/wp/resumo/2/wp-content/uploads/2021/11/32429453034_a47b723dd7_h.jpg]
[frenify.net/envato/frenify/wp/resumo/2/wp-content/uploads/2021/11/StockSnap_WVAQYCA9KN.jpg]
[frenify.net/envato/frenify/wp/resumo/2/wp-content/uploads/2021/11/StockSnap_TFGZBZ1EEV.jpg]
[frenify.net/envato/frenify/wp/resumo/2/project/blue-lemon/index.html]
[frenify.net/envato/frenify/wp/resumo/2/wp-content/uploads/2021/11/StockSnap_NUQ1VHFI2H.jpg]
[frenify.net/cdn-cgi/scripts/5c5dd728/cloudflare-static/email-decode.min.js]
[frenify.net/envato/frenify/wp/resumo/2/wp-includes/js/dist/vendor/regenerator-runtime.min3937.js]
[frenify.net/envato/frenify/wp/resumo/2/wp-includes/js/dist/vendor/wp-polyfill.min2c7c.js]
[frenify.net/envato/frenify/wp/resumo/2/wp-content/plugins/contact-form-7/includes/js/indexd96d.js]
[frenify.net/envato/frenify/wp/resumo/2/project/yellow-phone/index.html]
[frenify.net/envato/frenify/wp/resumo/2/project/ice-cream/index.html]
[frenify.net/envato/frenify/wp/resumo/2/wp-content/themes/resumo/assets/js/init57cc.js]
[frenify.net/envato/frenify/wp/resumo/2/a-case-for-becoming-more-gentle-in-your-life/index.html]
[frenify.net/envato/frenify/wp/resumo/2/when-fathers-day-is-different-for-you/index.html]
[frenify.net/envato/frenify/wp/resumo/2/marriage-is-too-important-to-take-it-too-seriously/index.html]
[frenify.net/envato/frenify/wp/resumo/2/wp-includes/js/comment-reply.min37ad.js]
[frenify.net/envato/frenify/wp/resumo/2/wp-content/plugins/elementor/assets/js/webpack.runtime.mina4f3.js]
[frenify.net/envato/frenify/wp/resumo/2/5-simple-ways-to-remind-people-that-you-love-them/index.html]
[frenify.net/envato/frenify/wp/resumo/2/wp-content/plugins/elementor/assets/js/frontend-modules.mina4f3.js]
[frenify.net/envato/frenify/wp/resumo/2/wp-content/plugins/elementor/assets/lib/waypoints/waypoints.min05da.js]
[frenify.net/envato/frenify/wp/resumo/2/wp-includes/js/jquery/ui/core.min0028.js]
[frenify.net/envato/frenify/wp/resumo/2/wp-content/plugins/elementor/assets/js/frontend.mina4f3.js]
[frenify.net/envato/frenify/wp/resumo/2/wp-content/plugins/resumo-core/shortcode/assets/js/owl-carousel68b3.js]
[frenify.net/envato/frenify/wp/resumo/2/wp-content/plugins/resumo-core/shortcode/assets/js/wow.min68b3.js]
[frenify.net/envato/frenify/wp/resumo/2/wp-content/plugins/resumo-core/shortcode/assets/js/waypoints68b3.js]
[frenify.net/envato/frenify/wp/resumo/2/wp-content/plugins/resumo-core/assets/js/init68b3.js]
[frenify.net/envato/frenify/wp/resumo/2/index.html]
[frenify.net/envato/frenify/wp/resumo/2/wp-includes/css/dist/block-library/style.min37ad.css]
[frenify.net/envato/frenify/wp/resumo/2/wp-content/plugins/contact-form-7/includes/css/stylesd96d.css]
[frenify.net/envato/frenify/wp/resumo/2/wp-content/plugins/elementor/assets/lib/eicons/fonts/eicons5519.eot]
[frenify.net/envato/frenify/wp/resumo/2/wp-content/plugins/elementor/assets/lib/eicons/fonts/eicons5519.woff2]
[frenify.net/envato/frenify/wp/resumo/2/wp-content/plugins/elementor/assets/lib/eicons/fonts/eicons5519.woff]
[frenify.net/envato/frenify/wp/resumo/2/wp-content/plugins/elementor/assets/lib/eicons/fonts/eicons5519.ttf]
[frenify.net/envato/frenify/wp/resumo/2/wp-content/plugins/elementor/assets/lib/eicons/css/elementor-icons.min7816.css]
[frenify.net/envato/frenify/wp/resumo/2/wp-content/plugins/elementor/assets/css/frontend-lite.mina4f3.css]
[frenify.net/envato/frenify/wp/resumo/2/wp-content/uploads/elementor/css/post-7b300.css]
[frenify.net/envato/frenify/wp/resumo/2/wp-content/plugins/elementor/assets/lib/eicons/fonts/eicons5519.svg]
[frenify.net/envato/frenify/wp/resumo/2/wp-content/plugins/resumo-core/shortcode/assets/css/font/fontelloc7fc.eot]
[frenify.net/envato/frenify/wp/resumo/2/wp-content/plugins/resumo-core/shortcode/assets/css/font/fontelloc7fc.woff2]
[frenify.net/envato/frenify/wp/resumo/2/wp-content/plugins/resumo-core/shortcode/assets/css/font/fontelloc7fc.woff]
[frenify.net/envato/frenify/wp/resumo/2/wp-content/plugins/resumo-core/shortcode/assets/css/font/fontelloc7fc.ttf]
[frenify.net/envato/frenify/wp/resumo/2/wp-content/plugins/resumo-core/shortcode/assets/css/font/fontelloc7fc.svg]
[frenify.net/envato/frenify/wp/resumo/2/wp-content/plugins/resumo-core/shortcode/assets/css/fontellof269.css]
[frenify.net/envato/frenify/wp/resumo/2/wp-content/plugins/resumo-core/shortcode/assets/css/animatef269.css]
[frenify.net/envato/frenify/wp/resumo/2/wp-content/plugins/resumo-core/shortcode/assets/css/owl.video.play.png]
[frenify.net/envato/frenify/wp/resumo/2/wp-content/plugins/resumo-core/shortcode/assets/css/owl-carouself269.css]
[frenify.net/envato/frenify/wp/resumo/2/wp-content/plugins/resumo-core/assets/css/stylef269.css]
[frenify.net/envato/frenify/wp/resumo/2/wp-content/uploads/elementor/css/globalb300.css]
[frenify.net/envato/frenify/wp/resumo/2/wp-content/uploads/elementor/css/post-60851d3.css]
[frenify.net/envato/frenify/wp/resumo/2/wp-content/themes/resumo/assets/css/base57cc.css]
[frenify.net/envato/frenify/wp/resumo/2/wp-content/themes/resumo/assets/css/skeleton57cc.css]
[frenify.net/envato/frenify/wp/resumo/2/wp-content/themes/resumo/assets/css/wp-core57cc.css]
[frenify.net/envato/frenify/wp/resumo/2/wp-content/themes/resumo/assets/css/font/fontello4c98.eot]
[frenify.net/envato/frenify/wp/resumo/2/wp-content/themes/resumo/assets/css/font/fontello4c98.woff2]
[frenify.net/envato/frenify/wp/resumo/2/wp-content/themes/resumo/assets/css/font/fontello4c98.woff]
[frenify.net/envato/frenify/wp/resumo/2/wp-content/themes/resumo/assets/css/font/fontello4c98.ttf]
[frenify.net/envato/frenify/wp/resumo/2/wp-content/themes/resumo/assets/css/font/fontello4c98.svg]
[frenify.net/envato/frenify/wp/resumo/2/wp-content/themes/resumo/assets/css/fontello57cc.css]
[frenify.net/envato/frenify/wp/resumo/2/wp-content/themes/resumo/style57cc.css]
[frenify.net/envato/frenify/wp/resumo/2/wp-content/themes/resumo/assets/css/inline5152.css]
[frenify.net/envato/frenify/wp/resumo/2/wp-includes/js/jquery/jquery.minaf6c.js]
[frenify.net/envato/frenify/wp/resumo/2/wp-includes/js/jquery/jquery-migrate.mind617.js]
[frenify.net/envato/frenify/wp/resumo/2/wp-content/themes/resumo/assets/js/typed57cc.js]
[frenify.net/envato/frenify/wp/resumo/2/wp-content/uploads/elementor/css/post-492b941.css]
[frenify.net/envato/frenify/wp/resumo/2/wp-content/themes/resumo/assets/css/base0b71.css]
[frenify.net/envato/frenify/wp/resumo/2/wp-content/themes/resumo/assets/css/skeleton0b71.css]
[frenify.net/envato/frenify/wp/resumo/2/wp-content/themes/resumo/assets/css/wp-core0b71.css]
[frenify.net/envato/frenify/wp/resumo/2/wp-content/themes/resumo/assets/css/fontello0b71.css]
[frenify.net/envato/frenify/wp/resumo/2/wp-content/themes/resumo/style0b71.css]
[frenify.net/envato/frenify/wp/resumo/2/wp-content/themes/resumo/assets/js/typed0b71.js]
[frenify.net/envato/frenify/wp/resumo/2/wp-json/wp/v2/pages/492.json]
[frenify.net/envato/frenify/wp/resumo/2/wp-json/oembed/1.0/embed2cdc.json]
[frenify.net/envato/frenify/wp/resumo/2/wp-json/oembed/1.0/embed4ebd]
[demo.frenify.net/wp/resumo/1/wp-content/uploads/2021/12/signature3.png]
[frenify.net/envato/frenify/wp/resumo/2/wp-content/themes/resumo/assets/js/init0b71.js]
[frenify.net/envato/frenify/wp/resumo/2/homepage/index.html]
[frenify.net/envato/frenify/wp/resumo/2/wp-content/uploads/elementor/css/post-601c5bf.css]
[frenify.net/envato/frenify/wp/resumo/2/wp-json/wp/v2/pages/601.json]
[frenify.net/envato/frenify/wp/resumo/2/wp-json/oembed/1.0/embede007.json]
[frenify.net/envato/frenify/wp/resumo/2/wp-json/oembed/1.0/embedac79]
[frenify.net/envato/frenify/wp/resumo/2/home-video/index.html]
[frenify.net/envato/frenify/wp/resumo/2/wp-json/wp/v2/pages/573.json]
[frenify.net/envato/frenify/wp/resumo/2/wp-json/oembed/1.0/embed8b2e.json]
[frenify.net/envato/frenify/wp/resumo/2/wp-json/oembed/1.0/embed68a6]
[frenify.net/envato/frenify/wp/resumo/2/10-reasons-you-need-us-introverts/index.html]
[frenify.net/envato/frenify/wp/resumo/2/wp-content/uploads/2021/11/StockSnap_VJR7ZT53JA.jpg]
[frenify.net/envato/frenify/wp/resumo/2/3-things-i-know-about-making-peace-with-your-past/index.html]
[frenify.net/envato/frenify/wp/resumo/2/wp-content/uploads/2021/11/StockSnap_MFFX4ZPUMM.jpg]
[frenify.net/envato/frenify/wp/resumo/2/why-decorating-your-home-is-good-for-your-mental-health/index.html]
[frenify.net/envato/frenify/wp/resumo/2/forgive-yourself-for-not-being-perfect-then-do-it-again-tomorrow/index.html]
[frenify.net/envato/frenify/wp/resumo/2/how-to-clean-your-emotional-house/index.html]
[frenify.net/envato/frenify/wp/resumo/2/wp-content/uploads/2021/11/StockSnap_HUBUDLBLZQ.jpg]
[frenify.net/envato/frenify/wp/resumo/2/wp-content/uploads/elementor/css/post-459ac9.css]
[frenify.net/envato/frenify/wp/resumo/2/3-summer-smoothies-to-keep-you-healthy-full-and-focused/index.html]
[frenify.net/envato/frenify/wp/resumo/2/wp-content/uploads/elementor/css/post-439ac9.css]
[frenify.net/envato/frenify/wp/resumo/2/blog-full/page/2/index.html]
[frenify.net/envato/frenify/wp/resumo/2/wp-content/uploads/elementor/css/post-41dd3d.css]
[frenify.net/envato/frenify/wp/resumo/2/wp-content/uploads/elementor/css/post-39dd3d.css]
[frenify.net/envato/frenify/wp/resumo/2/wp-content/uploads/elementor/css/post-37c25e.css]
[frenify.net/envato/frenify/wp/resumo/2/wp-content/uploads/elementor/css/post-35dd3d.css]
[frenify.net/envato/frenify/wp/resumo/2/wp-content/uploads/elementor/css/post-333db8.css]
[frenify.net/envato/frenify/wp/resumo/2/wp-content/uploads/elementor/css/post-313db8.css]
[frenify.net/envato/frenify/wp/resumo/2/wp-content/uploads/elementor/css/post-293db8.css]
[frenify.net/envato/frenify/wp/resumo/2/wp-content/uploads/elementor/css/post-273db8.css]
[frenify.net/envato/frenify/wp/resumo/2/wp-content/plugins/elementor/assets/lib/font-awesome/css/fontawesome.min52d5.css]
[frenify.net/envato/frenify/wp/resumo/2/wp-content/plugins/elementor/assets/lib/font-awesome/css/solid.min52d5.css]
[frenify.net/envato/frenify/wp/resumo/2/blog-full/index.html]
[frenify.net/envato/frenify/wp/resumo/2/wp-json/wp/v2/pages/571.json]
[frenify.net/envato/frenify/wp/resumo/2/wp-json/oembed/1.0/embed2b0d.json]
[frenify.net/envato/frenify/wp/resumo/2/wp-json/oembed/1.0/embede874]
[demo.frenify.net/wp/resumo/1/wp-content/uploads/2021/11/Layer-1.jpg]
[demo.frenify.net/wp/resumo/1/wp-content/uploads/2021/11/sign.png]
[demo.frenify.net/wp/resumo/1/wp-content/uploads/2021/12/banner.jpg]
[frenify.net/envato/frenify/wp/resumo/2/blog-sidebar/index.html]
[frenify.net/envato/frenify/wp/resumo/2/category/uncategorized/index.html]
[frenify.net/envato/frenify/wp/resumo/2/wp-json/wp/v2/pages/578.json]
[frenify.net/envato/frenify/wp/resumo/2/category/beauty/index.html]
[frenify.net/envato/frenify/wp/resumo/2/category/career-development/index.html]
[frenify.net/envato/frenify/wp/resumo/2/wp-json/oembed/1.0/embedeaaf.json]
[frenify.net/envato/frenify/wp/resumo/2/category/interiors-decor/index.html]
[frenify.net/envato/frenify/wp/resumo/2/category/health-wellness/index.html]
[frenify.net/envato/frenify/wp/resumo/2/category/lifestyle/index.html]
[frenify.net/envato/frenify/wp/resumo/2/wp-json/oembed/1.0/embed7df8]
[frenify.net/envato/frenify/wp/resumo/2/category/relationships/index.html]
[frenify.net/envato/frenify/wp/resumo/2/blog-sidebar/page/2/index.html]
[frenify.net/envato/frenify/wp/resumo/2/wp-content/themes/resumo/assets/svg/lock.svg]
[frenify.net/envato/frenify/wp/resumo/2/protected/index.html]
[frenify.net/envato/frenify/wp/resumo/2/wp-content/themes/resumo/assets/svg/search-new.svg]
[frenify.net/envato/frenify/wp/resumo/2/wp-content/plugins/resumo-core/shortcode/assets/svg/inbox.svg]
[frenify.net/envato/frenify/wp/resumo/2/wp-content/plugins/resumo-core/shortcode/assets/svg/arrow.svg]
[frenify.net/envato/frenify/wp/resumo/2/wp-content/uploads/elementor/css/post-491d718.css]
[frenify.net/envato/frenify/wp/resumo/2/wp-json/oembed/1.0/embed2719.json]
[frenify.net/envato/frenify/wp/resumo/2/wp-json/oembed/1.0/embeda3bf]
[frenify.net/envato/frenify/wp/resumo/2/wp-content/uploads/2021/11/Layer-1-150x150.jpg]
[frenify.net/envato/frenify/wp/resumo/2/wp-content/uploads/2021/11/StockSnap_C8X0QI947Z.jpg]
[frenify.net/envato/frenify/wp/resumo/2/wp-content/themes/resumo/assets/svg/arrow-r.svg]
[frenify.net/envato/frenify/wp/resumo/2/project/sweet-cherry/index.html]
[frenify.net/envato/frenify/wp/resumo/2/wp-content/uploads/elementor/css/post-490ab4e.css]
[frenify.net/envato/frenify/wp/resumo/2/wp-json/oembed/1.0/embedb06e.json]
[frenify.net/envato/frenify/wp/resumo/2/author/frenify/index.html]
[frenify.net/envato/frenify/wp/resumo/2/wp-json/oembed/1.0/embed2935]
[frenify.net/envato/frenify/wp/resumo/2/project/delicious-fruit/index.html]
[frenify.net/envato/frenify/wp/resumo/2/wp-content/uploads/elementor/css/post-489f345.css]
[frenify.net/envato/frenify/wp/resumo/2/wp-json/oembed/1.0/embed3aa3.json]
[frenify.net/envato/frenify/wp/resumo/2/wp-json/oembed/1.0/embedf1e1]
[frenify.net/envato/frenify/wp/resumo/2/project/blue-lemon/index.html]
[frenify.net/envato/frenify/wp/resumo/2/wp-content/uploads/elementor/css/post-488c6b4.css]
[frenify.net/envato/frenify/wp/resumo/2/wp-json/oembed/1.0/embed9269.json]
[frenify.net/envato/frenify/wp/resumo/2/wp-json/oembed/1.0/embedf72b]
[frenify.net/envato/frenify/wp/resumo/2/project/yellow-phone/index.html]
[frenify.net/envato/frenify/wp/resumo/2/wp-json/oembed/1.0/embed7971.json]
[frenify.net/envato/frenify/wp/resumo/2/wp-json/oembed/1.0/embedd43d]
[frenify.net/envato/frenify/wp/resumo/1/wp-content/uploads/2021/11/Layer-1.jpg]
[frenify.net/envato/frenify/wp/resumo/2/project/ice-cream/index.html]
[frenify.net/envato/frenify/wp/resumo/2/wp-content/plugins/resumo-core/shortcode/assets/svg/checked.svg]
[frenify.net/envato/frenify/wp/resumo/2/wp-json/wp/v2/posts/45.json]
[frenify.net/envato/frenify/wp/resumo/2/a-case-for-becoming-more-gentle-in-your-life/feed/index.html]
[frenify.net/envato/frenify/wp/resumo/2/wp-json/oembed/1.0/embedc59c.json]
[frenify.net/envato/frenify/wp/resumo/2/wp-json/oembed/1.0/embed1c1a]
[frenify.net/envato/frenify/wp/resumo/2/a-case-for-becoming-more-gentle-in-your-life/index.html]
[frenify.net/envato/frenify/wp/resumo/2/tag/travel/index.html]
[frenify.net/envato/frenify/wp/resumo/2/tag/house/index.html]
[frenify.net/envato/frenify/wp/resumo/2/tag/wellness/index.html]
[frenify.net/envato/frenify/wp/resumo/2/tag/wordpress/index.html]
[frenify.net/envato/frenify/wp/resumo/2/a-case-for-becoming-more-gentle-in-your-life/index8528.html]
[frenify.net/envato/frenify/wp/resumo/2/wp-json/wp/v2/posts/43.json]
[frenify.net/envato/frenify/wp/resumo/2/a-case-for-becoming-more-gentle-in-your-life/indexa79a.html]
[frenify.net/envato/frenify/wp/resumo/2/a-case-for-becoming-more-gentle-in-your-life/index6f0d.html]
[frenify.net/envato/frenify/wp/resumo/2/when-fathers-day-is-different-for-you/feed/index.html]
[frenify.net/envato/frenify/wp/resumo/2/wp-json/oembed/1.0/embed4c90.json]
[frenify.net/envato/frenify/wp/resumo/2/wp-json/oembed/1.0/embed48bf]
[frenify.net/envato/frenify/wp/resumo/2/when-fathers-day-is-different-for-you/index.html]
[frenify.net/envato/frenify/wp/resumo/2/when-fathers-day-is-different-for-you/index04d3.html]
[frenify.net/envato/frenify/wp/resumo/2/when-fathers-day-is-different-for-you/index6944.html]
[frenify.net/envato/frenify/wp/resumo/2/when-fathers-day-is-different-for-you/indexa858.html]
[frenify.net/envato/frenify/wp/resumo/2/when-fathers-day-is-different-for-you/indexfa40.html]
[frenify.net/envato/frenify/wp/resumo/2/when-fathers-day-is-different-for-you/index360b.html]
[frenify.net/envato/frenify/wp/resumo/2/wp-json/wp/v2/posts/39.json]
[frenify.net/envato/frenify/wp/resumo/2/marriage-is-too-important-to-take-it-too-seriously/feed/index.html]
[frenify.net/envato/frenify/wp/resumo/2/wp-json/oembed/1.0/embed1795.json]
[frenify.net/envato/frenify/wp/resumo/2/wp-json/oembed/1.0/embede8a6]
[frenify.net/envato/frenify/wp/resumo/2/marriage-is-too-important-to-take-it-too-seriously/index.html]
[frenify.net/envato/frenify/wp/resumo/2/wp-json/wp/v2/posts/37.json]
[frenify.net/envato/frenify/wp/resumo/2/marriage-is-too-important-to-take-it-too-seriously/indexfc06.html]
[frenify.net/envato/frenify/wp/resumo/2/marriage-is-too-important-to-take-it-too-seriously/index94a5.html]
[frenify.net/envato/frenify/wp/resumo/2/5-simple-ways-to-remind-people-that-you-love-them/feed/index.html]
[frenify.net/envato/frenify/wp/resumo/2/wp-json/oembed/1.0/embed89a6.json]
[frenify.net/envato/frenify/wp/resumo/2/wp-json/oembed/1.0/embed3ad8]
[frenify.net/envato/frenify/wp/resumo/2/5-simple-ways-to-remind-people-that-you-love-them/index.html]
[frenify.net/envato/frenify/wp/resumo/2/5-simple-ways-to-remind-people-that-you-love-them/index267f.html]
[frenify.net/envato/frenify/wp/resumo/2/wp-includes/js/dist/vendor/regenerator-runtime.min3937.js]
[frenify.net/envato/frenify/wp/resumo/2/wp-includes/js/dist/vendor/wp-polyfill.min2c7c.js]
[frenify.net/envato/frenify/wp/resumo/2/5-simple-ways-to-remind-people-that-you-love-them/index21b4.html]
[frenify.net/envato/frenify/wp/resumo/2/5-simple-ways-to-remind-people-that-you-love-them/index41b7.html]
[frenify.net/envato/frenify/wp/resumo/2/5-simple-ways-to-remind-people-that-you-love-them/index8e42.html]
[frenify.net/envato/frenify/wp/resumo/2/e]
[frenify.net/envato/frenify/wp/resumo/2/wp-content/plugins/contact-form-7/includes/js/indexd96d.js]
[frenify.net/envato/frenify/wp/resumo/2/wp-content/themes/resumo/assets/js/init57cc.js]
[frenify.net/envato/frenify/wp/resumo/2/wp-includes/js/comment-reply.min37ad.js]
[frenify.net/envato/frenify/wp/resumo/2/wp-content/plugins/elementor/assets/js/webpack.runtime.mina4f3.js]
[frenify.net/envato/frenify/wp/resumo/2/wp-content/plugins/elementor/assets/js/frontend-modules.mina4f3.js]
[frenify.net/envato/frenify/wp/resumo/2/wp-content/plugins/elementor/assets/lib/waypoints/waypoints.min05da.js]
[frenify.net/envato/frenify/wp/resumo/2/wp-includes/js/jquery/ui/core.min0028.js]
[frenify.net/envato/frenify/wp/resumo/2/fn_ex_link/index.html]
[frenify.net/envato/frenify/wp/resumo/2/-negative.svg]
[frenify.net/envato/frenify/wp/resumo/2/wp-content/plugins/elementor/assets/js/frontend.mina4f3.js]
[frenify.net/envato/frenify/wp/resumo/2/wp-content/plugins/resumo-core/shortcode/assets/js/owl-carousel68b3.js]
[frenify.net/envato/frenify/wp/resumo/2/wp-content/plugins/resumo-core/shortcode/assets/js/wow.min68b3.js]
[frenify.net/envato/frenify/wp/resumo/2/wp-content/plugins/resumo-core/shortcode/assets/js/waypoints68b3.js]
[frenify.net/envato/frenify/wp/resumo/2/wp-content/plugins/resumo-core/assets/js/init68b3.js]
[frenify.net/envato/frenify/wp/resumo/2/wp-content/plugins/elementor/assets/lib/eicons/fonts/eicons5519.svg]
[frenify.net/envato/frenify/wp/resumo/2/wp-content/plugins/resumo-core/shortcode/assets/css/font/fontelloc7fc.svg]
[frenify.net/envato/frenify/wp/resumo/2/wp-content/plugins/resumo-core/shortcode/assets/css/owl.video.play.html]
[frenify.net/envato/frenify/wp/resumo/2/wp-content/themes/resumo/assets/css/font/fontello4c98.svg]
[frenify.net/envato/frenify/wp/resumo/2/wp-content/uploads/elementor/css/post-492b941.css]
[frenify.net/envato/frenify/wp/resumo/2/wp-content/themes/resumo/assets/css/base0b71.css]
[frenify.net/envato/frenify/wp/resumo/2/wp-content/themes/resumo/assets/css/skeleton0b71.css]
[frenify.net/envato/frenify/wp/resumo/2/wp-content/themes/resumo/assets/css/wp-core0b71.css]
[frenify.net/envato/frenify/wp/resumo/2/wp-content/themes/resumo/assets/css/fontello0b71.css]
[frenify.net/envato/frenify/wp/resumo/2/wp-content/themes/resumo/style0b71.css]
[frenify.net/envato/frenify/wp/resumo/2/wp-content/themes/resumo/assets/js/typed0b71.js]
[frenify.net/envato/frenify/wp/resumo/2/index9982.html]
[frenify.net/envato/frenify/wp/resumo/2/wp-content/themes/resumo/assets/js/init0b71.js]
[frenify.net/envato/frenify/wp/resumo/2/wp-content/uploads/elementor/css/post-601c5bf.css]
[frenify.net/envato/frenify/wp/resumo/2/indexbdc9.html]
[frenify.net/envato/frenify/wp/resumo/2/indexa1e2.html]
[frenify.net/envato/frenify/wp/resumo/2/OPR/index.html]
[frenify.net/envato/frenify/wp/resumo/2/homepage/fn_ex_link/index.html]
[frenify.net/envato/frenify/wp/resumo/2/wp-json/wp/v2/posts/41.json]
[frenify.net/envato/frenify/wp/resumo/2/10-reasons-you-need-us-introverts/feed/index.html]
[frenify.net/envato/frenify/wp/resumo/2/wp-json/oembed/1.0/embed3775.json]
[frenify.net/envato/frenify/wp/resumo/2/wp-json/oembed/1.0/embedab83]
[frenify.net/envato/frenify/wp/resumo/2/10-reasons-you-need-us-introverts/index.html]
[frenify.net/envato/frenify/wp/resumo/2/3-things-i-know-about-making-peace-with-your-past/feed/index.html]
[frenify.net/envato/frenify/wp/resumo/2/wp-json/wp/v2/posts/35.json]
[frenify.net/envato/frenify/wp/resumo/2/wp-json/oembed/1.0/embed1f17.json]
[frenify.net/envato/frenify/wp/resumo/2/wp-json/oembed/1.0/embed5e91]
[frenify.net/envato/frenify/wp/resumo/2/3-things-i-know-about-making-peace-with-your-past/index.html]
[frenify.net/envato/frenify/wp/resumo/2/wp-json/wp/v2/posts/33.json]
[frenify.net/envato/frenify/wp/resumo/2/forgive-yourself-for-not-being-perfect-then-do-it-again-tomorrow/feed/index.html]
[frenify.net/envato/frenify/wp/resumo/2/wp-json/oembed/1.0/embedfc2d.json]
[frenify.net/envato/frenify/wp/resumo/2/wp-json/oembed/1.0/embedef83]
[frenify.net/envato/frenify/wp/resumo/2/forgive-yourself-for-not-being-perfect-then-do-it-again-tomorrow/index.html]
[frenify.net/envato/frenify/wp/resumo/2/why-decorating-your-home-is-good-for-your-mental-health/feed/index.html]
[frenify.net/envato/frenify/wp/resumo/2/wp-json/wp/v2/posts/31.json]
[frenify.net/envato/frenify/wp/resumo/2/wp-json/oembed/1.0/embedf4be.json]
[frenify.net/envato/frenify/wp/resumo/2/wp-json/oembed/1.0/embed4cc2]
[frenify.net/envato/frenify/wp/resumo/2/why-decorating-your-home-is-good-for-your-mental-health/index.html]
[frenify.net/envato/frenify/wp/resumo/2/wp-json/wp/v2/posts/29.json]
[frenify.net/envato/frenify/wp/resumo/2/why-decorating-your-home-is-good-for-your-mental-health/index3094.html]
[frenify.net/envato/frenify/wp/resumo/2/how-to-clean-your-emotional-house/feed/index.html]
[frenify.net/envato/frenify/wp/resumo/2/wp-json/oembed/1.0/embedd23f.json]
[frenify.net/envato/frenify/wp/resumo/2/wp-json/oembed/1.0/embede96c]
[frenify.net/envato/frenify/wp/resumo/2/how-to-clean-your-emotional-house/index.html]
[frenify.net/envato/frenify/wp/resumo/2/wp-json/wp/v2/posts/27.json]
[frenify.net/envato/frenify/wp/resumo/2/3-summer-smoothies-to-keep-you-healthy-full-and-focused/feed/index.html]
[frenify.net/envato/frenify/wp/resumo/2/wp-json/oembed/1.0/embed5a31.json]
[frenify.net/envato/frenify/wp/resumo/2/wp-json/oembed/1.0/embed044a]
[frenify.net/envato/frenify/wp/resumo/2/3-summer-smoothies-to-keep-you-healthy-full-and-focused/index.html]
[frenify.net/envato/frenify/wp/resumo/2/its-more-than-throwing-away-an-old-pair-of-jeans/index.html]
[frenify.net/envato/frenify/wp/resumo/2/8-apps-to-expand-your-knowledge-or-learn-a-new-skill/index.html]
[frenify.net/envato/frenify/wp/resumo/2/wp-content/uploads/2021/11/StockSnap_BFOTURGX04.jpg]
[frenify.net/envato/frenify/wp/resumo/2/5-convincing-ways-to-apply-for-a-job-even-when-youre-not-qualified/index.html]
[frenify.net/envato/frenify/wp/resumo/2/wp-content/uploads/2021/11/33231142226_cbc200aa5f_h.jpg]
[frenify.net/envato/frenify/wp/resumo/2/4-styling-strategies-to-make-your-home-a-more-joyful-place/index.html]
[frenify.net/envato/frenify/wp/resumo/2/the-organization-method-that-improved-my-everyday-routines/index.html]
[frenify.net/envato/frenify/wp/resumo/2/wp-content/uploads/2021/11/StockSnap_DRX6PC9W6N.jpg]
[frenify.net/envato/frenify/wp/resumo/2/our-favorite-drugstore-beauty-products-that-wont-break-the-bank/index.html]
[frenify.net/envato/frenify/wp/resumo/2/wp-content/uploads/elementor/css/post-253312.css]
[frenify.net/envato/frenify/wp/resumo/2/wp-content/uploads/elementor/css/post-233312.css]
[frenify.net/envato/frenify/wp/resumo/2/hello-world-2/index.html]
[frenify.net/envato/frenify/wp/resumo/2/wp-content/uploads/elementor/css/post-21740a.css]
[frenify.net/envato/frenify/wp/resumo/2/wp-content/uploads/elementor/css/post-19740a.css]
[frenify.net/envato/frenify/wp/resumo/2/wp-content/uploads/elementor/css/post-17740a.css]
[frenify.net/envato/frenify/wp/resumo/2/wp-content/uploads/elementor/css/post-2407be7.css]
[frenify.net/envato/frenify/wp/resumo/2/blog-full/page/2/index.html]
[frenify.net/envato/frenify/wp/resumo/2/wp-content/uploads/elementor/css/post-459ac9.css]
[frenify.net/envato/frenify/wp/resumo/2/wp-content/uploads/elementor/css/post-439ac9.css]
[frenify.net/envato/frenify/wp/resumo/2/wp-content/uploads/elementor/css/post-41dd3d.css]
[frenify.net/envato/frenify/wp/resumo/2/wp-content/uploads/elementor/css/post-39dd3d.css]
[frenify.net/envato/frenify/wp/resumo/2/wp-content/uploads/elementor/css/post-37c25e.css]
[frenify.net/envato/frenify/wp/resumo/2/wp-content/uploads/elementor/css/post-35dd3d.css]
[frenify.net/envato/frenify/wp/resumo/2/wp-content/uploads/elementor/css/post-333db8.css]
[frenify.net/envato/frenify/wp/resumo/2/wp-content/uploads/elementor/css/post-313db8.css]
[frenify.net/envato/frenify/wp/resumo/2/wp-content/uploads/elementor/css/post-293db8.css]
[frenify.net/envato/frenify/wp/resumo/2/wp-content/uploads/elementor/css/post-273db8.css]
[frenify.net/envato/frenify/wp/resumo/2/wp-content/plugins/elementor/assets/lib/font-awesome/css/fontawesome.min52d5.css]
[frenify.net/envato/frenify/wp/resumo/2/wp-content/plugins/elementor/assets/lib/font-awesome/webfonts/fa-solid-900.eot]
[frenify.net/envato/frenify/wp/resumo/2/wp-content/plugins/elementor/assets/lib/font-awesome/webfonts/fa-solid-900d41d.eot]
[frenify.net/envato/frenify/wp/resumo/2/wp-content/plugins/elementor/assets/lib/font-awesome/webfonts/fa-solid-900.woff2]
[frenify.net/envato/frenify/wp/resumo/2/wp-content/plugins/elementor/assets/lib/font-awesome/webfonts/fa-solid-900.woff]
[frenify.net/envato/frenify/wp/resumo/2/wp-content/plugins/elementor/assets/lib/font-awesome/webfonts/fa-solid-900.ttf]
[frenify.net/envato/frenify/wp/resumo/2/wp-content/plugins/elementor/assets/lib/font-awesome/css/solid.min52d5.css]
[frenify.net/envato/frenify/wp/resumo/2/index62bf.html]
[frenify.net/envato/frenify/wp/resumo/2/wp-content/plugins/elementor/assets/lib/font-awesome/webfonts/fa-solid-900.svg]
[frenify.net/envato/frenify/wp/resumo/2/wp-content/themes/resumo/assets/css/basecbeb.css]
[frenify.net/envato/frenify/wp/resumo/2/category/uncategorized/feed/index.html]
[frenify.net/envato/frenify/wp/resumo/2/wp-content/themes/resumo/assets/css/skeletoncbeb.css]
[frenify.net/envato/frenify/wp/resumo/2/wp-content/themes/resumo/assets/css/wp-corecbeb.css]
[frenify.net/envato/frenify/wp/resumo/2/wp-content/themes/resumo/assets/css/fontellocbeb.css]
[frenify.net/envato/frenify/wp/resumo/2/wp-content/themes/resumo/stylecbeb.css]
[frenify.net/envato/frenify/wp/resumo/2/wp-content/themes/resumo/assets/js/typedcbeb.js]
[frenify.net/envato/frenify/wp/resumo/2/wp-json/wp/v2/categories/1.json]
[frenify.net/envato/frenify/wp/resumo/2/wp-content/themes/resumo/assets/js/initcbeb.js]
[frenify.net/envato/frenify/wp/resumo/2/category/uncategorized/index.html]
[frenify.net/envato/frenify/wp/resumo/2/wp-json/wp/v2/categories/2.json]
[frenify.net/envato/frenify/wp/resumo/2/category/beauty/index.html]
[frenify.net/envato/frenify/wp/resumo/2/category/beauty/feed/index.html]
[frenify.net/envato/frenify/wp/resumo/2/wp-json/wp/v2/categories/3.json]
[frenify.net/envato/frenify/wp/resumo/2/category/career-development/index.html]
[frenify.net/envato/frenify/wp/resumo/2/category/career-development/feed/index.html]
[frenify.net/envato/frenify/wp/resumo/2/wp-json/wp/v2/categories/4.json]
[frenify.net/envato/frenify/wp/resumo/2/category/health-wellness/index.html]
[frenify.net/envato/frenify/wp/resumo/2/category/health-wellness/feed/index.html]
[frenify.net/envato/frenify/wp/resumo/2/wp-json/wp/v2/categories/5.json]
[frenify.net/envato/frenify/wp/resumo/2/category/interiors-decor/index.html]
[frenify.net/envato/frenify/wp/resumo/2/category/interiors-decor/feed/index.html]
[frenify.net/envato/frenify/wp/resumo/2/wp-json/wp/v2/categories/6.json]
[frenify.net/envato/frenify/wp/resumo/2/category/lifestyle/index.html]
[frenify.net/envato/frenify/wp/resumo/2/category/lifestyle/feed/index.html]
[frenify.net/envato/frenify/wp/resumo/2/wp-json/wp/v2/categories/7.json]
[frenify.net/envato/frenify/wp/resumo/2/category/relationships/index.html]
[frenify.net/envato/frenify/wp/resumo/2/blog-sidebar/page/2/index.html]
[frenify.net/envato/frenify/wp/resumo/2/indexa722.html]
[frenify.net/envato/frenify/wp/resumo/2/wp-content/themes/resumo/assets/svg/lock.svg]
[frenify.net/envato/frenify/wp/resumo/2/wp-content/uploads/elementor/css/post-491d718.css]
[frenify.net/envato/frenify/wp/resumo/2/index87e8.html]
[frenify.net/envato/frenify/wp/resumo/2/category/relationships/feed/index.html]
[frenify.net/envato/frenify/wp/resumo/2/wp-json/wp/v2/users/1.json]
[frenify.net/envato/frenify/wp/resumo/2/author/frenify/index.html]
[frenify.net/envato/frenify/wp/resumo/2/wp-content/themes/resumo/assets/svg/arrow-r.svg]
[frenify.net/envato/frenify/wp/resumo/2/wp-content/uploads/elementor/css/post-490ab4e.css]
[frenify.net/envato/frenify/wp/resumo/2/indexb015.html]
[frenify.net/envato/frenify/wp/resumo/2/wp-content/uploads/elementor/css/post-489f345.css]
[frenify.net/envato/frenify/wp/resumo/2/indexb645.html]
[frenify.net/envato/frenify/wp/resumo/2/wp-content/uploads/elementor/css/post-488c6b4.css]
[frenify.net/envato/frenify/wp/resumo/2/indexfaa1.html]
[frenify.net/envato/frenify/wp/resumo/2/indexe3b6.html]
[frenify.net/envato/frenify/wp/resumo/2/index5e74.html]
[frenify.net/envato/frenify/wp/resumo/2/wp-json/wp/v2/tags/8.json]
[frenify.net/envato/frenify/wp/resumo/2/tag/house/index.html]
[frenify.net/envato/frenify/wp/resumo/2/author/frenify/feed/index.html]
[frenify.net/envato/frenify/wp/resumo/2/author/frenify/page/2/index.html]
[frenify.net/envato/frenify/wp/resumo/2/tag/house/feed/index.html]
[frenify.net/envato/frenify/wp/resumo/2/wp-json/wp/v2/tags/9.json]
[frenify.net/envato/frenify/wp/resumo/2/tag/travel/index.html]
[frenify.net/envato/frenify/wp/resumo/2/tag/travel/feed/index.html]
[frenify.net/envato/frenify/wp/resumo/2/tag/wellness/index.html]
[frenify.net/envato/frenify/wp/resumo/2/wp-json/wp/v2/tags/10.json]
[frenify.net/envato/frenify/wp/resumo/2/tag/wellness/feed/index.html]
[frenify.net/envato/frenify/wp/resumo/2/tag/wordpress/index.html]
[frenify.net/envato/frenify/wp/resumo/2/a-case-for-becoming-more-gentle-in-your-life/index8528.html]
[frenify.net/envato/frenify/wp/resumo/2/a-case-for-becoming-more-gentle-in-your-life/index6f0d.html]
[frenify.net/envato/frenify/wp/resumo/2/wp-json/wp/v2/tags/11.json]
[frenify.net/envato/frenify/wp/resumo/2/a-case-for-becoming-more-gentle-in-your-life/indexa79a.html]
[frenify.net/envato/frenify/wp/resumo/2/index4170.html]
[frenify.net/envato/frenify/wp/resumo/2/when-fathers-day-is-different-for-you/index6944.html]
[frenify.net/envato/frenify/wp/resumo/2/when-fathers-day-is-different-for-you/indexa858.html]
[frenify.net/envato/frenify/wp/resumo/2/when-fathers-day-is-different-for-you/index04d3.html]
[frenify.net/envato/frenify/wp/resumo/2/when-fathers-day-is-different-for-you/indexfa40.html]
[frenify.net/envato/frenify/wp/resumo/2/when-fathers-day-is-different-for-you/index360b.html]
[frenify.net/envato/frenify/wp/resumo/2/indexba52.html]
[frenify.net/envato/frenify/wp/resumo/2/marriage-is-too-important-to-take-it-too-seriously/index94a5.html]
[frenify.net/envato/frenify/wp/resumo/2/marriage-is-too-important-to-take-it-too-seriously/indexfc06.html]
[frenify.net/envato/frenify/wp/resumo/2/index4837.html]
[frenify.net/envato/frenify/wp/resumo/2/5-simple-ways-to-remind-people-that-you-love-them/index21b4.html]
[frenify.net/envato/frenify/wp/resumo/2/5-simple-ways-to-remind-people-that-you-love-them/index8e42.html]
[frenify.net/envato/frenify/wp/resumo/2/5-simple-ways-to-remind-people-that-you-love-them/index267f.html]
[frenify.net/envato/frenify/wp/resumo/2/5-simple-ways-to-remind-people-that-you-love-them/index41b7.html]
[frenify.net/envato/frenify/wp/resumo/2/e.html]
[frenify.net/envato/frenify/wp/resumo/2/fn_ex_link/index.html]
[frenify.net/envato/frenify/wp/resumo/2/-negative.html]
[frenify.net/envato/frenify/wp/resumo/2/OPR/index.html]
[frenify.net/envato/frenify/wp/resumo/2/homepage/fn_ex_link/index.html]
[frenify.net/envato/frenify/wp/resumo/2/indexcbb6.html]
[frenify.net/envato/frenify/wp/resumo/2/index5c90.html]
[frenify.net/envato/frenify/wp/resumo/2/indexdd23.html]
[frenify.net/envato/frenify/wp/resumo/2/indexc7e3.html]
[frenify.net/envato/frenify/wp/resumo/2/tag/wordpress/feed/index.html]
[frenify.net/envato/frenify/wp/resumo/2/wp-content/themes/resumo/assets/css/base54af.css]
[frenify.net/envato/frenify/wp/resumo/2/wp-content/themes/resumo/assets/css/skeleton54af.css]
[frenify.net/envato/frenify/wp/resumo/2/wp-content/themes/resumo/assets/css/wp-core54af.css]
[frenify.net/envato/frenify/wp/resumo/2/wp-content/themes/resumo/assets/css/fontello54af.css]
[frenify.net/envato/frenify/wp/resumo/2/wp-content/themes/resumo/style54af.css]
[frenify.net/envato/frenify/wp/resumo/2/wp-content/themes/resumo/assets/js/typed54af.js]
[frenify.net/envato/frenify/wp/resumo/2/wp-content/themes/resumo/assets/js/init54af.js]
[frenify.net/envato/frenify/wp/resumo/2/why-decorating-your-home-is-good-for-your-mental-health/index3094.html]
[frenify.net/envato/frenify/wp/resumo/2/index9cd7.html]
[frenify.net/envato/frenify/wp/resumo/2/index1c4a.html]
[frenify.net/envato/frenify/wp/resumo/2/wp-json/wp/v2/posts/25.json]
[frenify.net/envato/frenify/wp/resumo/2/its-more-than-throwing-away-an-old-pair-of-jeans/feed/index.html]
[frenify.net/envato/frenify/wp/resumo/2/wp-json/oembed/1.0/embed0542.json]
[frenify.net/envato/frenify/wp/resumo/2/wp-json/oembed/1.0/embeda566]
[frenify.net/envato/frenify/wp/resumo/2/its-more-than-throwing-away-an-old-pair-of-jeans/index.html]
[frenify.net/envato/frenify/wp/resumo/2/8-apps-to-expand-your-knowledge-or-learn-a-new-skill/feed/index.html]
[frenify.net/envato/frenify/wp/resumo/2/wp-json/wp/v2/posts/23.json]
[frenify.net/envato/frenify/wp/resumo/2/wp-json/oembed/1.0/embed9f9d.json]
[frenify.net/envato/frenify/wp/resumo/2/wp-json/oembed/1.0/embed4a38]
[frenify.net/envato/frenify/wp/resumo/2/8-apps-to-expand-your-knowledge-or-learn-a-new-skill/index.html]
[frenify.net/envato/frenify/wp/resumo/2/wp-json/wp/v2/posts/21.json]
[frenify.net/envato/frenify/wp/resumo/2/5-convincing-ways-to-apply-for-a-job-even-when-youre-not-qualified/feed/index.html]
[frenify.net/envato/frenify/wp/resumo/2/wp-json/oembed/1.0/embeddf14.json]
[frenify.net/envato/frenify/wp/resumo/2/wp-json/oembed/1.0/embed3b70]
[frenify.net/envato/frenify/wp/resumo/2/5-convincing-ways-to-apply-for-a-job-even-when-youre-not-qualified/index.html]
[frenify.net/envato/frenify/wp/resumo/2/4-styling-strategies-to-make-your-home-a-more-joyful-place/feed/index.html]
[frenify.net/envato/frenify/wp/resumo/2/wp-json/wp/v2/posts/19.json]
[frenify.net/envato/frenify/wp/resumo/2/wp-json/oembed/1.0/embedf08d.json]
[frenify.net/envato/frenify/wp/resumo/2/wp-json/oembed/1.0/embeda5cd]
[frenify.net/envato/frenify/wp/resumo/2/4-styling-strategies-to-make-your-home-a-more-joyful-place/index.html]
[frenify.net/envato/frenify/wp/resumo/2/wp-json/wp/v2/posts/17.json]
[frenify.net/envato/frenify/wp/resumo/2/the-organization-method-that-improved-my-everyday-routines/feed/index.html]
[frenify.net/envato/frenify/wp/resumo/2/wp-json/oembed/1.0/embedbe46.json]
[frenify.net/envato/frenify/wp/resumo/2/wp-json/oembed/1.0/embedadf6]
[frenify.net/envato/frenify/wp/resumo/2/the-organization-method-that-improved-my-everyday-routines/index.html]
[frenify.net/envato/frenify/wp/resumo/2/wp-json/wp/v2/posts/240.json]
[frenify.net/envato/frenify/wp/resumo/2/our-favorite-drugstore-beauty-products-that-wont-break-the-bank/feed/index.html]
[frenify.net/envato/frenify/wp/resumo/2/wp-json/oembed/1.0/embed5fdf.json]
[frenify.net/envato/frenify/wp/resumo/2/wp-json/oembed/1.0/embed786c]
[frenify.net/envato/frenify/wp/resumo/2/our-favorite-drugstore-beauty-products-that-wont-break-the-bank/index.html]
[frenify.net/envato/frenify/wp/resumo/2/wp-json/wp/v2/posts/9.json]
[frenify.net/envato/frenify/wp/resumo/2/hello-world-2/feed/index.html]
[frenify.net/envato/frenify/wp/resumo/2/wp-json/oembed/1.0/embedcc22.json]
[frenify.net/envato/frenify/wp/resumo/2/wp-json/oembed/1.0/embedb2b6]
[frenify.net/envato/frenify/wp/resumo/2/hello-world-2/index.html]
[frenify.net/envato/frenify/wp/resumo/2/wp-content/uploads/elementor/css/post-253312.css]
[frenify.net/envato/frenify/wp/resumo/2/wp-content/uploads/elementor/css/post-233312.css]
[frenify.net/envato/frenify/wp/resumo/2/wp-content/uploads/elementor/css/post-21740a.css]
[frenify.net/envato/frenify/wp/resumo/2/wp-content/uploads/elementor/css/post-19740a.css]
[frenify.net/envato/frenify/wp/resumo/2/wp-content/uploads/elementor/css/post-17740a.css]
[frenify.net/envato/frenify/wp/resumo/2/wp-content/uploads/elementor/css/post-2407be7.css]
[frenify.net/envato/frenify/wp/resumo/2/wp-content/plugins/elementor/assets/lib/font-awesome/webfonts/fa-solid-900.svg]
[frenify.net/envato/frenify/wp/resumo/2/wp-content/themes/resumo/assets/css/basecbeb.css]
[frenify.net/envato/frenify/wp/resumo/2/wp-content/themes/resumo/assets/css/skeletoncbeb.css]
[frenify.net/envato/frenify/wp/resumo/2/wp-content/themes/resumo/assets/css/wp-corecbeb.css]
[frenify.net/envato/frenify/wp/resumo/2/wp-content/themes/resumo/assets/css/fontellocbeb.css]
[frenify.net/envato/frenify/wp/resumo/2/wp-content/themes/resumo/stylecbeb.css]
[frenify.net/envato/frenify/wp/resumo/2/wp-content/themes/resumo/assets/js/typedcbeb.js]
[frenify.net/envato/frenify/wp/resumo/2/wp-content/themes/resumo/assets/js/initcbeb.js]
[frenify.net/envato/frenify/wp/resumo/2/author/frenify/page/2/index.html]
[frenify.net/envato/frenify/wp/resumo/2/wp-content/themes/resumo/assets/css/base54af.css]
[frenify.net/envato/frenify/wp/resumo/2/wp-content/themes/resumo/assets/css/skeleton54af.css]
[frenify.net/envato/frenify/wp/resumo/2/wp-content/themes/resumo/assets/css/wp-core54af.css]
[frenify.net/envato/frenify/wp/resumo/2/wp-content/themes/resumo/assets/css/fontello54af.css]
[frenify.net/envato/frenify/wp/resumo/2/wp-content/themes/resumo/style54af.css]
[frenify.net/envato/frenify/wp/resumo/2/wp-content/themes/resumo/assets/js/typed54af.js]
[frenify.net/envato/frenify/wp/resumo/2/wp-content/themes/resumo/assets/js/init54af.js]
[frenify.net/envato/frenify/wp/resumo/2/index970c.html]
[frenify.net/envato/frenify/wp/resumo/2/index40a0.html]
[frenify.net/envato/frenify/wp/resumo/2/index3965.html]
[frenify.net/envato/frenify/wp/resumo/2/index5831.html]
[frenify.net/envato/frenify/wp/resumo/2/indexd8eb.html]
[frenify.net/envato/frenify/wp/resumo/2/indexcfe0.html]
[frenify.net/envato/frenify/wp/resumo/2/indexb5fb.html]
[frenify.net/envato/frenify/wp/resumo/2/hello-world-2/index0e22.html]
[frenify.net/envato/frenify/wp/resumo/2/why-decorating-your-home-is-good-for-your-mental-health/fn_ex_link/index.html]
[frenify.net/envato/frenify/wp/resumo/2/category/uncategorized/fn_ex_link/index.html]
[frenify.net/envato/frenify/wp/resumo/2/wp-content/themes/resumo/assets/css/base28cf.css]
[frenify.net/envato/frenify/wp/resumo/2/wp-content/themes/resumo/assets/css/skeleton28cf.css]
[frenify.net/envato/frenify/wp/resumo/2/wp-content/themes/resumo/assets/css/wp-core28cf.css]
[frenify.net/envato/frenify/wp/resumo/2/wp-content/themes/resumo/assets/css/fontello28cf.css]
[frenify.net/envato/frenify/wp/resumo/2/wp-content/themes/resumo/style28cf.css]
[frenify.net/envato/frenify/wp/resumo/2/wp-content/themes/resumo/assets/js/typed28cf.js]
[frenify.net/envato/frenify/wp/resumo/2/hello-world-2/index0e22.html]
[frenify.net/envato/frenify/wp/resumo/2/category/uncategorized/fn_ex_link/index.html]
[frenify.net/envato/frenify/wp/resumo/2/why-decorating-your-home-is-good-for-your-mental-health/fn_ex_link/index.html]
[frenify.net/envato/frenify/wp/resumo/2/wp-content/themes/resumo/assets/css/base28cf.css]
[frenify.net/envato/frenify/wp/resumo/2/wp-content/themes/resumo/assets/css/skeleton28cf.css]
[frenify.net/envato/frenify/wp/resumo/2/wp-content/themes/resumo/assets/css/wp-core28cf.css]
[frenify.net/envato/frenify/wp/resumo/2/wp-content/themes/resumo/assets/css/fontello28cf.css]
[frenify.net/envato/frenify/wp/resumo/2/wp-content/themes/resumo/style28cf.css]
[frenify.net/envato/frenify/wp/resumo/2/wp-content/themes/resumo/assets/js/typed28cf.js]
[frenify.net/envato/frenify/wp/resumo/2/wp-content/themes/resumo/assets/js/init28cf.js]
[frenify.net/envato/frenify/wp/resumo/2/wp-content/themes/resumo/assets/js/init28cf.js]
[frenify.net/envato/frenify/wp/resumo/2/hello-world-2/fn_ex_link/index.html]
[frenify.net/envato/frenify/wp/resumo/2/hello-world-2/fn_ex_link/index.html]
